// Jest Snapshot v1, https://goo.gl/fbAQLP

exports[`<List /> renders without crashing 1`] = `
ShallowWrapper {
  "length": 1,
  Symbol(enzyme.__root__): [Circular],
  Symbol(enzyme.__unrendered__): <List
    items={
        Array [
            Object {
              "id": 1,
              "label": "test 1",
            },
            Object {
              "id": 2,
              "label": "test 2",
            },
          ]
    }
/>,
  Symbol(enzyme.__renderer__): Object {
    "batchedUpdates": [Function],
    "getNode": [Function],
    "render": [Function],
    "simulateEvent": [Function],
    "unmount": [Function],
  },
  Symbol(enzyme.__node__): Object {
    "instance": null,
    "key": undefined,
    "nodeType": "host",
    "props": Object {
      "children": Array [
        <li
          className="c-list__item"
>
          test 1
</li>,
        <li
          className="c-list__item"
>
          test 2
</li>,
      ],
      "className": "c-list",
    },
    "ref": null,
    "rendered": Array [
      Object {
        "instance": null,
        "key": "1",
        "nodeType": "host",
        "props": Object {
          "children": "test 1",
          "className": "c-list__item",
        },
        "ref": null,
        "rendered": "test 1",
        "type": "li",
      },
      Object {
        "instance": null,
        "key": "2",
        "nodeType": "host",
        "props": Object {
          "children": "test 2",
          "className": "c-list__item",
        },
        "ref": null,
        "rendered": "test 2",
        "type": "li",
      },
    ],
    "type": "ul",
  },
  Symbol(enzyme.__nodes__): Array [
    Object {
      "instance": null,
      "key": undefined,
      "nodeType": "host",
      "props": Object {
        "children": Array [
          <li
            className="c-list__item"
>
            test 1
</li>,
          <li
            className="c-list__item"
>
            test 2
</li>,
        ],
        "className": "c-list",
      },
      "ref": null,
      "rendered": Array [
        Object {
          "instance": null,
          "key": "1",
          "nodeType": "host",
          "props": Object {
            "children": "test 1",
            "className": "c-list__item",
          },
          "ref": null,
          "rendered": "test 1",
          "type": "li",
        },
        Object {
          "instance": null,
          "key": "2",
          "nodeType": "host",
          "props": Object {
            "children": "test 2",
            "className": "c-list__item",
          },
          "ref": null,
          "rendered": "test 2",
          "type": "li",
        },
      ],
      "type": "ul",
    },
  ],
  Symbol(enzyme.__options__): Object {
    "adapter": ReactSixteenAdapter {
      "options": Object {
        "enableComponentDidUpdateOnSetState": true,
      },
    },
  },
}
`;
